Archive member included to satisfy reference by file (symbol)

C:/ST/STM32CubeIDE_1.16.1/STM32CubeIDE/plugins/com.st.stm32cube.ide.mcu.externaltools.gnu-tools-for-stm32.12.3.rel1.win32_1.0.200.202406191623/tools/bin/../lib/gcc/arm-none-eabi/12.3.1/../../../../arm-none-eabi/lib/thumb/v7-m/nofp\libc_nano.a(libc_a-exit.o)
                              C:/ST/STM32CubeIDE_1.16.1/STM32CubeIDE/plugins/com.st.stm32cube.ide.mcu.externaltools.gnu-tools-for-stm32.12.3.rel1.win32_1.0.200.202406191623/tools/bin/../lib/gcc/arm-none-eabi/12.3.1/../../../../arm-none-eabi/lib/thumb/v7-m/nofp/crt0.o (exit)
C:/ST/STM32CubeIDE_1.16.1/STM32CubeIDE/plugins/com.st.stm32cube.ide.mcu.externaltools.gnu-tools-for-stm32.12.3.rel1.win32_1.0.200.202406191623/tools/bin/../lib/gcc/arm-none-eabi/12.3.1/../../../../arm-none-eabi/lib/thumb/v7-m/nofp\libc_nano.a(libc_a-findfp.o)
                              C:/ST/STM32CubeIDE_1.16.1/STM32CubeIDE/plugins/com.st.stm32cube.ide.mcu.externaltools.gnu-tools-for-stm32.12.3.rel1.win32_1.0.200.202406191623/tools/bin/../lib/gcc/arm-none-eabi/12.3.1/../../../../arm-none-eabi/lib/thumb/v7-m/nofp\libc_nano.a(libc_a-exit.o) (__stdio_exit_handler)
C:/ST/STM32CubeIDE_1.16.1/STM32CubeIDE/plugins/com.st.stm32cube.ide.mcu.externaltools.gnu-tools-for-stm32.12.3.rel1.win32_1.0.200.202406191623/tools/bin/../lib/gcc/arm-none-eabi/12.3.1/../../../../arm-none-eabi/lib/thumb/v7-m/nofp\libc_nano.a(libc_a-fwalk.o)
                              C:/ST/STM32CubeIDE_1.16.1/STM32CubeIDE/plugins/com.st.stm32cube.ide.mcu.externaltools.gnu-tools-for-stm32.12.3.rel1.win32_1.0.200.202406191623/tools/bin/../lib/gcc/arm-none-eabi/12.3.1/../../../../arm-none-eabi/lib/thumb/v7-m/nofp\libc_nano.a(libc_a-findfp.o) (_fwalk_sglue)
C:/ST/STM32CubeIDE_1.16.1/STM32CubeIDE/plugins/com.st.stm32cube.ide.mcu.externaltools.gnu-tools-for-stm32.12.3.rel1.win32_1.0.200.202406191623/tools/bin/../lib/gcc/arm-none-eabi/12.3.1/../../../../arm-none-eabi/lib/thumb/v7-m/nofp\libc_nano.a(libc_a-stdio.o)
                              C:/ST/STM32CubeIDE_1.16.1/STM32CubeIDE/plugins/com.st.stm32cube.ide.mcu.externaltools.gnu-tools-for-stm32.12.3.rel1.win32_1.0.200.202406191623/tools/bin/../lib/gcc/arm-none-eabi/12.3.1/../../../../arm-none-eabi/lib/thumb/v7-m/nofp\libc_nano.a(libc_a-findfp.o) (__sread)
C:/ST/STM32CubeIDE_1.16.1/STM32CubeIDE/plugins/com.st.stm32cube.ide.mcu.externaltools.gnu-tools-for-stm32.12.3.rel1.win32_1.0.200.202406191623/tools/bin/../lib/gcc/arm-none-eabi/12.3.1/../../../../arm-none-eabi/lib/thumb/v7-m/nofp\libc_nano.a(libc_a-memset.o)
                              C:/ST/STM32CubeIDE_1.16.1/STM32CubeIDE/plugins/com.st.stm32cube.ide.mcu.externaltools.gnu-tools-for-stm32.12.3.rel1.win32_1.0.200.202406191623/tools/bin/../lib/gcc/arm-none-eabi/12.3.1/../../../../arm-none-eabi/lib/thumb/v7-m/nofp/crt0.o (memset)
C:/ST/STM32CubeIDE_1.16.1/STM32CubeIDE/plugins/com.st.stm32cube.ide.mcu.externaltools.gnu-tools-for-stm32.12.3.rel1.win32_1.0.200.202406191623/tools/bin/../lib/gcc/arm-none-eabi/12.3.1/../../../../arm-none-eabi/lib/thumb/v7-m/nofp\libc_nano.a(libc_a-closer.o)
                              C:/ST/STM32CubeIDE_1.16.1/STM32CubeIDE/plugins/com.st.stm32cube.ide.mcu.externaltools.gnu-tools-for-stm32.12.3.rel1.win32_1.0.200.202406191623/tools/bin/../lib/gcc/arm-none-eabi/12.3.1/../../../../arm-none-eabi/lib/thumb/v7-m/nofp\libc_nano.a(libc_a-stdio.o) (_close_r)
C:/ST/STM32CubeIDE_1.16.1/STM32CubeIDE/plugins/com.st.stm32cube.ide.mcu.externaltools.gnu-tools-for-stm32.12.3.rel1.win32_1.0.200.202406191623/tools/bin/../lib/gcc/arm-none-eabi/12.3.1/../../../../arm-none-eabi/lib/thumb/v7-m/nofp\libc_nano.a(libc_a-reent.o)
                              C:/ST/STM32CubeIDE_1.16.1/STM32CubeIDE/plugins/com.st.stm32cube.ide.mcu.externaltools.gnu-tools-for-stm32.12.3.rel1.win32_1.0.200.202406191623/tools/bin/../lib/gcc/arm-none-eabi/12.3.1/../../../../arm-none-eabi/lib/thumb/v7-m/nofp\libc_nano.a(libc_a-closer.o) (errno)
C:/ST/STM32CubeIDE_1.16.1/STM32CubeIDE/plugins/com.st.stm32cube.ide.mcu.externaltools.gnu-tools-for-stm32.12.3.rel1.win32_1.0.200.202406191623/tools/bin/../lib/gcc/arm-none-eabi/12.3.1/../../../../arm-none-eabi/lib/thumb/v7-m/nofp\libc_nano.a(libc_a-impure.o)
                              C:/ST/STM32CubeIDE_1.16.1/STM32CubeIDE/plugins/com.st.stm32cube.ide.mcu.externaltools.gnu-tools-for-stm32.12.3.rel1.win32_1.0.200.202406191623/tools/bin/../lib/gcc/arm-none-eabi/12.3.1/../../../../arm-none-eabi/lib/thumb/v7-m/nofp\libc_nano.a(libc_a-reent.o) (_impure_ptr)
C:/ST/STM32CubeIDE_1.16.1/STM32CubeIDE/plugins/com.st.stm32cube.ide.mcu.externaltools.gnu-tools-for-stm32.12.3.rel1.win32_1.0.200.202406191623/tools/bin/../lib/gcc/arm-none-eabi/12.3.1/../../../../arm-none-eabi/lib/thumb/v7-m/nofp\libc_nano.a(libc_a-lseekr.o)
[...]
Memory Configuration

Name             Origin             Length             Attributes
RAM              0x20000000         0x00002800         xrw
FLASH            0x08000000         0x00008000         xr
*default*        0x00000000         0xffffffff

Linker script and memory map

LOAD C:/ST/STM32CubeIDE_1.16.1/STM32CubeIDE/plugins/com.st.stm32cube.ide.mcu.externaltools.gnu-tools-for-stm32.12.3.rel1.win32_1.0.200.202406191623/tools/bin/../lib/gcc/arm-none-eabi/12.3.1/thumb/v7-m/nofp/crti.o
LOAD C:/ST/STM32CubeIDE_1.16.1/STM32CubeIDE/plugins/com.st.stm32cube.ide.mcu.externaltools.gnu-tools-for-stm32.12.3.rel1.win32_1.0.200.202406191623/tools/bin/../lib/gcc/arm-none-eabi/12.3.1/thumb/v7-m/nofp/crtbegin.o
LOAD C:/ST/STM32CubeIDE_1.16.1/STM32CubeIDE/plugins/com.st.stm32cube.ide.mcu.externaltools.gnu-tools-for-stm32.12.3.rel1.win32_1.0.200.202406191623/tools/bin/../lib/gcc/arm-none-eabi/12.3.1/../../../../arm-none-eabi/lib/thumb/v7-m/nofp/crt0.o
LOAD ./Core/Src/button.o
LOAD ./Core/Src/fsm.o
LOAD ./Core/Src/led.o
LOAD ./Core/Src/main.o
LOAD ./Core/Src/segment.o
LOAD ./Core/Src/stm32f1xx_hal_msp.o
LOAD ./Core/Src/stm32f1xx_it.o
LOAD ./Core/Src/syscalls.o
LOAD ./Core/Src/sysmem.o
LOAD ./Core/Src/system_stm32f1xx.o
LOAD ./Core/Src/timer.o
LOAD ./Core/Startup/startup_stm32f103c6tx.o
LOAD ./Drivers/STM32F1xx_HAL_Driver/Src/stm32f1xx_hal.o
LOAD ./Drivers/STM32F1xx_HAL_Driver/Src/stm32f1xx_hal_cortex.o
LOAD ./Drivers/STM32F1xx_HAL_Driver/Src/stm32f1xx_hal_dma.o
LOAD ./Drivers/STM32F1xx_HAL_Driver/Src/stm32f1xx_hal_exti.o
LOAD ./Drivers/STM32F1xx_HAL_Driver/Src/stm32f1xx_hal_flash.o
LOAD ./Drivers/STM32F1xx_HAL_Driver/Src/stm32f1xx_hal_flash_ex.o
LOAD ./Drivers/STM32F1xx_HAL_Driver/Src/stm32f1xx_hal_gpio.o
LOAD ./Drivers/STM32F1xx_HAL_Driver/Src/stm32f1xx_hal_gpio_ex.o
LOAD ./Drivers/STM32F1xx_HAL_Driver/Src/stm32f1xx_hal_pwr.o
LOAD ./Drivers/STM32F1xx_HAL_Driver/Src/stm32f1xx_hal_rcc.o
LOAD ./Drivers/STM32F1xx_HAL_Driver/Src/stm32f1xx_hal_rcc_ex.o
LOAD ./Drivers/STM32F1xx_HAL_Driver/Src/stm32f1xx_hal_tim.o
LOAD ./Drivers/STM32F1xx_HAL_Driver/Src/stm32f1xx_hal_tim_ex.o
START GROUP
LOAD C:/ST/STM32CubeIDE_1.16.1/STM32CubeIDE/plugins/com.st.stm32cube.ide.mcu.externaltools.gnu-tools-for-stm32.12.3.rel1.win32_1.0.200.202406191623/tools/bin/../lib/gcc/arm-none-eabi/12.3.1/../../../../arm-none-eabi/lib/thumb/v7-m/nofp\libc_nano.a
LOAD C:/ST/STM32CubeIDE_1.16.1/STM32CubeIDE/plugins/com.st.stm32cube.ide.mcu.externaltools.gnu-tools-for-stm32.12.3.rel1.win32_1.0.200.202406191623/tools/bin/../lib/gcc/arm-none-eabi/12.3.1/../../../../arm-none-eabi/lib/thumb/v7-m/nofp\libm.a
END GROUP
START GROUP
LOAD C:/ST/STM32CubeIDE_1.16.1/STM32CubeIDE/plugins/com.st.stm32cube.ide.mcu.externaltools.gnu-tools-for-stm32.12.3.rel1.win32_1.0.200.202406191623/tools/bin/../lib/gcc/arm-none-eabi/12.3.1/thumb/v7-m/nofp\libgcc.a
LOAD C:/ST/STM32CubeIDE_1.16.1/STM32CubeIDE/plugins/com.st.stm32cube.ide.mcu.externaltools.gnu-tools-for-stm32.12.3.rel1.win32_1.0.200.202406191623/tools/bin/../lib/gcc/arm-none-eabi/12.3.1/../../../../arm-none-eabi/lib/thumb/v7-m/nofp\libc_nano.a
END GROUP
START GROUP
LOAD C:/ST/STM32CubeIDE_1.16.1/STM32CubeIDE/plugins/com.st.stm32cube.ide.mcu.externaltools.gnu-tools-for-stm32.12.3.rel1.win32_1.0.200.202406191623/tools/bin/../lib/gcc/arm-none-eabi/12.3.1/thumb/v7-m/nofp\libgcc.a
LOAD C:/ST/STM32CubeIDE_1.16.1/STM32CubeIDE/plugins/com.st.stm32cube.ide.mcu.externaltools.gnu-tools-for-stm32.12.3.rel1.win32_1.0.200.202406191623/tools/bin/../lib/gcc/arm-none-eabi/12.3.1/../../../../arm-none-eabi/lib/thumb/v7-m/nofp\libc_nano.a
LOAD C:/ST/STM32CubeIDE_1.16.1/STM32CubeIDE/plugins/com.st.stm32cube.ide.mcu.externaltools.gnu-tools-for-stm32.12.3.rel1.win32_1.0.200.202406191623/tools/bin/../lib/gcc/arm-none-eabi/12.3.1/../../../../arm-none-eabi/lib/thumb/v7-m/nofp\libnosys.a
END GROUP
START GROUP
LOAD C:/ST/STM32CubeIDE_1.16.1/STM32CubeIDE/plugins/com.st.stm32cube.ide.mcu.externaltools.gnu-tools-for-stm32.12.3.rel1.win32_1.0.200.202406191623/tools/bin/../lib/gcc/arm-none-eabi/12.3.1/thumb/v7-m/nofp\libgcc.a
LOAD C:/ST/STM32CubeIDE_1.16.1/STM32CubeIDE/plugins/com.st.stm32cube.ide.mcu.externaltools.gnu-tools-for-stm32.12.3.rel1.win32_1.0.200.202406191623/tools/bin/../lib/gcc/arm-none-eabi/12.3.1/../../../../arm-none-eabi/lib/thumb/v7-m/nofp\libc_nano.a
LOAD C:/ST/STM32CubeIDE_1.16.1/STM32CubeIDE/plugins/com.st.stm32cube.ide.mcu.externaltools.gnu-tools-for-stm32.12.3.rel1.win32_1.0.200.202406191623/tools/bin/../lib/gcc/arm-none-eabi/12.3.1/../../../../arm-none-eabi/lib/thumb/v7-m/nofp\libnosys.a
END GROUP
LOAD C:/ST/STM32CubeIDE_1.16.1/STM32CubeIDE/plugins/com.st.stm32cube.ide.mcu.externaltools.gnu-tools-for-stm32.12.3.rel1.win32_1.0.200.202406191623/tools/bin/../lib/gcc/arm-none-eabi/12.3.1/thumb/v7-m/nofp/crtend.o
LOAD C:/ST/STM32CubeIDE_1.16.1/STM32CubeIDE/plugins/com.st.stm32cube.ide.mcu.externaltools.gnu-tools-for-stm32.12.3.rel1.win32_1.0.200.202406191623/tools/bin/../lib/gcc/arm-none-eabi/12.3.1/thumb/v7-m/nofp/crtn.o
                0x20002800                        _estack = (ORIGIN (RAM) + LENGTH (RAM))
                0x00000200                        _Min_Heap_Size = 0x200
                0x00000400                        _Min_Stack_Size = 0x400

.isr_vector     0x08000000      0x10c
                0x08000000                        . = ALIGN (0x4)
 *(.isr_vector)
 .isr_vector    0x08000000      0x10c ./Core/Startup/startup_stm32f103c6tx.o
                0x08000000                g_pfnVectors
                0x0800010c                        . = ALIGN (0x4)

.text           0x0800010c     0x2aa8
                0x0800010c                        . = ALIGN (0x4)
 *(.text)
 .text          0x0800010c       0x40 C:/ST/STM32CubeIDE_1.16.1/STM32CubeIDE/plugins/com.st.stm32cube.ide.mcu.externaltools.gnu-tools-for-stm32.12.3.rel1.win32_1.0.200.202406191623/tools/bin/../lib/gcc/arm-none-eabi/12.3.1/thumb/v7-m/nofp/crtbegin.o
 *(.text*)
 .text.isButtonNoPressed
                0x0800014c       0x34 ./Core/Src/button.o
                0x0800014c                isButtonNoPressed
 .text.buttonRead
                0x08000180      0x12c ./Core/Src/button.o
                0x08000180                buttonRead
 .text.segmentUpdateAuto
                0x080002ac       0x20 ./Core/Src/fsm.o
                0x080002ac                segmentUpdateAuto
 .text.fsm_run  0x080002cc       0x14 ./Core/Src/fsm.o
                0x080002cc                fsm_run
 .text.button0Signal
                0x080002e0       0x8c ./Core/Src/fsm.o
                0x080002e0                button0Signal
 .text.fsm_auto_hor
                0x0800036c      0x234 ./Core/Src/fsm.o
                0x0800036c                fsm_auto_hor
 .text.fsm_auto_ver
                0x080005a0      0x164 ./Core/Src/fsm.o
                0x080005a0                fsm_auto_ver
 .text.fsm_man  0x08000704      0x36c ./Core/Src/fsm.o
                0x08000704                fsm_man
 .text.setLedH  0x08000a70       0xfc ./Core/Src/led.o
                0x08000a70                setLedH
 .text.setLedV  0x08000b6c       0xfc ./Core/Src/led.o
                0x08000b6c                setLedV
 .text.main     0x08000c68       0x24 ./Core/Src/main.o
                0x08000c68                main
 .text.SystemClock_Config
                0x08000c8c       0x76 ./Core/Src/main.o
                0x08000c8c                SystemClock_Config
 *fill*         0x08000d02        0x2 
 .text.MX_TIM2_Init
                0x08000d04       0x98 ./Core/Src/main.o
 .text.MX_GPIO_Init
                0x08000d9c       0xc8 ./Core/Src/main.o
 .text.HAL_TIM_PeriodElapsedCallback
                0x08000e64       0x18 ./Core/Src/main.o
                0x08000e64                HAL_TIM_PeriodElapsedCallback
 .text.Error_Handler
                0x08000e7c        0xc ./Core/Src/main.o
                0x08000e7c                Error_Handler
 .text.set7SegH
                0x08000e88       0x8c ./Core/Src/segment.o
                0x08000e88                set7SegH
 .text.set7SegV
                0x08000f14       0x8c ./Core/Src/segment.o
                0x08000f14                set7SegV
 .text.scan7Seg
                0x08000fa0       0xbc ./Core/Src/segment.o
                0x08000fa0                scan7Seg
 .text.updateSegment
                0x0800105c       0x34 ./Core/Src/segment.o
                0x0800105c                updateSegment
 .text.updateSegment2Digits
                0x08001090       0x78 ./Core/Src/segment.o
                0x08001090                updateSegment2Digits
 .text.HAL_MspInit
                0x08001108       0x64 ./Core/Src/stm32f1xx_hal_msp.o
                0x08001108                HAL_MspInit
 .text.HAL_TIM_Base_MspInit
                0x0800116c       0x48 ./Core/Src/stm32f1xx_hal_msp.o
                0x0800116c                HAL_TIM_Base_MspInit
 .text.NMI_Handler
                0x080011b4        0x8 ./Core/Src/stm32f1xx_it.o
                0x080011b4                NMI_Handler
 .text.HardFault_Handler
                0x080011bc        0x8 ./Core/Src/stm32f1xx_it.o
                0x080011bc                HardFault_Handler
 .text.MemManage_Handler
                0x080011c4        0x8 ./Core/Src/stm32f1xx_it.o
                0x080011c4                MemManage_Handler
 .text.BusFault_Handler
                0x080011cc        0x8 ./Core/Src/stm32f1xx_it.o
                0x080011cc                BusFault_Handler
 .text.UsageFault_Handler
                0x080011d4        0x8 ./Core/Src/stm32f1xx_it.o
                0x080011d4                UsageFault_Handler
 .text.SVC_Handler
                0x080011dc        0xc ./Core/Src/stm32f1xx_it.o
                0x080011dc                SVC_Handler
 .text.DebugMon_Handler
                0x080011e8        0xc ./Core/Src/stm32f1xx_it.o
                0x080011e8                DebugMon_Handler
 .text.PendSV_Handler
                0x080011f4        0xc ./Core/Src/stm32f1xx_it.o
                0x080011f4                PendSV_Handler
 .text.SysTick_Handler
                0x08001200        0xc ./Core/Src/stm32f1xx_it.o
                0x08001200                SysTick_Handler
 .text.TIM2_IRQHandler
                0x0800120c       0x14 ./Core/Src/stm32f1xx_it.o
                0x0800120c                TIM2_IRQHandler
 .text.SystemInit
                0x08001220        0xc ./Core/Src/system_stm32f1xx.o
                0x08001220                SystemInit
 .text.set1     0x0800122c       0x38 ./Core/Src/timer.o
                0x0800122c                set1
 .text.set2     0x08001264       0x38 ./Core/Src/timer.o
                0x08001264                set2
 .text.set3     0x0800129c       0x38 ./Core/Src/timer.o
                0x0800129c                set3
 .text.set4     0x080012d4       0x38 ./Core/Src/timer.o
                0x080012d4                set4
 .text.set5     0x0800130c       0x38 ./Core/Src/timer.o
                0x0800130c                set5
 .text.resetTimer
                0x08001344       0xe4 ./Core/Src/timer.o
                0x08001344                resetTimer
 .text.timerRun
                0x08001428       0xac ./Core/Src/timer.o
                0x08001428                timerRun
 .text.Reset_Handler
                0x080014d4       0x48 ./Core/Startup/startup_stm32f103c6tx.o
                0x080014d4                Reset_Handler
 .text.Default_Handler
                0x0800151c        0x2 ./Core/Startup/startup_stm32f103c6tx.o
                0x0800151c                RTC_Alarm_IRQHandler
                0x0800151c                EXTI2_IRQHandler
                0x0800151c                TIM1_CC_IRQHandler
                0x0800151c                PVD_IRQHandler
                0x0800151c                EXTI3_IRQHandler
                0x0800151c                EXTI0_IRQHandler
                0x0800151c                ADC1_2_IRQHandler
                0x0800151c                SPI1_IRQHandler
                0x0800151c                TAMPER_IRQHandler
                0x0800151c                DMA1_Channel4_IRQHandler
                0x0800151c                RTC_IRQHandler
                0x0800151c                DMA1_Channel7_IRQHandler
                0x0800151c                CAN1_RX1_IRQHandler
                0x0800151c                I2C1_EV_IRQHandler
                0x0800151c                DMA1_Channel6_IRQHandler
                0x0800151c                TIM3_IRQHandler
                0x0800151c                RCC_IRQHandler
                0x0800151c                TIM1_TRG_COM_IRQHandler
                0x0800151c                DMA1_Channel1_IRQHandler
                0x0800151c                Default_Handler
                0x0800151c                EXTI15_10_IRQHandler
                0x0800151c                EXTI9_5_IRQHandler
                0x0800151c                DMA1_Channel5_IRQHandler
                0x0800151c                EXTI4_IRQHandler
                0x0800151c                USB_LP_CAN1_RX0_IRQHandler
                0x0800151c                USB_HP_CAN1_TX_IRQHandler
                0x0800151c                DMA1_Channel3_IRQHandler
                0x0800151c                TIM1_UP_IRQHandler
                0x0800151c                WWDG_IRQHandler
                0x0800151c                TIM1_BRK_IRQHandler
                0x0800151c                EXTI1_IRQHandler
                0x0800151c                USART2_IRQHandler
                0x0800151c                DMA1_Channel2_IRQHandler
                0x0800151c                CAN1_SCE_IRQHandler
                0x0800151c                FLASH_IRQHandler
                0x0800151c                USART1_IRQHandler
                0x0800151c                I2C1_ER_IRQHandler
                0x0800151c                USBWakeUp_IRQHandler
 *fill*         0x0800151e        0x2 
 .text.HAL_Init
                0x08001520       0x2c ./Drivers/STM32F1xx_HAL_Driver/Src/stm32f1xx_hal.o
                0x08001520                HAL_Init
 .text.HAL_InitTick
                0x0800154c       0x60 ./Drivers/STM32F1xx_HAL_Driver/Src/stm32f1xx_hal.o
                0x0800154c                HAL_InitTick
 .text.HAL_IncTick
                0x080015ac       0x24 ./Drivers/STM32F1xx_HAL_Driver/Src/stm32f1xx_hal.o
                0x080015ac                HAL_IncTick
 .text.HAL_GetTick
                0x080015d0       0x14 ./Drivers/STM32F1xx_HAL_Driver/Src/stm32f1xx_hal.o
                0x080015d0                HAL_GetTick
 .text.HAL_Delay
                0x080015e4       0x48 ./Drivers/STM32F1xx_HAL_Driver/Src/stm32f1xx_hal.o
                0x080015e4                HAL_Delay
 .text.__NVIC_SetPriorityGrouping
                0x0800162c       0x48 ./Drivers/STM32F1xx_HAL_Driver/Src/stm32f1xx_hal_cortex.o
 .text.__NVIC_GetPriorityGrouping
                0x08001674       0x1c ./Drivers/STM32F1xx_HAL_Driver/Src/stm32f1xx_hal_cortex.o
 .text.__NVIC_EnableIRQ
                0x08001690       0x38 ./Drivers/STM32F1xx_HAL_Driver/Src/stm32f1xx_hal_cortex.o
 .text.__NVIC_SetPriority
                0x080016c8       0x54 ./Drivers/STM32F1xx_HAL_Driver/Src/stm32f1xx_hal_cortex.o
 .text.NVIC_EncodePriority
                0x0800171c       0x64 ./Drivers/STM32F1xx_HAL_Driver/Src/stm32f1xx_hal_cortex.o
 .text.SysTick_Config
                0x08001780       0x44 ./Drivers/STM32F1xx_HAL_Driver/Src/stm32f1xx_hal_cortex.o
 .text.HAL_NVIC_SetPriorityGrouping
                0x080017c4       0x16 ./Drivers/STM32F1xx_HAL_Driver/Src/stm32f1xx_hal_cortex.o
                0x080017c4                HAL_NVIC_SetPriorityGrouping
 .text.HAL_NVIC_SetPriority
                0x080017da       0x38 ./Drivers/STM32F1xx_HAL_Driver/Src/stm32f1xx_hal_cortex.o
                0x080017da                HAL_NVIC_SetPriority
 .text.HAL_NVIC_EnableIRQ
                0x08001812       0x1c ./Drivers/STM32F1xx_HAL_Driver/Src/stm32f1xx_hal_cortex.o
                0x08001812                HAL_NVIC_EnableIRQ
 .text.HAL_SYSTICK_Config
                0x0800182e       0x18 ./Drivers/STM32F1xx_HAL_Driver/Src/stm32f1xx_hal_cortex.o
                0x0800182e                HAL_SYSTICK_Config
 *fill*         0x08001846        0x2 
 .text.HAL_GPIO_Init
                0x08001848      0x2f8 ./Drivers/STM32F1xx_HAL_Driver/Src/stm32f1xx_hal_gpio.o
                0x08001848                HAL_GPIO_Init
 .text.HAL_GPIO_ReadPin
                0x08001b40       0x2e ./Drivers/STM32F1xx_HAL_Driver/Src/stm32f1xx_hal_gpio.o
                0x08001b40                HAL_GPIO_ReadPin
 .text.HAL_GPIO_WritePin
                0x08001b6e       0x30 ./Drivers/STM32F1xx_HAL_Driver/Src/stm32f1xx_hal_gpio.o
                0x08001b6e                HAL_GPIO_WritePin
 .text.HAL_GPIO_TogglePin
                0x08001b9e       0x32 ./Drivers/STM32F1xx_HAL_Driver/Src/stm32f1xx_hal_gpio.o
                0x08001b9e                HAL_GPIO_TogglePin
 .text.HAL_RCC_OscConfig
                0x08001bd0      0x504 ./Drivers/STM32F1xx_HAL_Driver/Src/stm32f1xx_hal_rcc.o
                0x08001bd0                HAL_RCC_OscConfig
 .text.HAL_RCC_ClockConfig
                0x080020d4      0x1d4 ./Drivers/STM32F1xx_HAL_Driver/Src/stm32f1xx_hal_rcc.o
                0x080020d4                HAL_RCC_ClockConfig
 .text.HAL_RCC_GetSysClockFreq
                0x080022a8       0xa8 ./Drivers/STM32F1xx_HAL_Driver/Src/stm32f1xx_hal_rcc.o
                0x080022a8                HAL_RCC_GetSysClockFreq
 .text.RCC_Delay
                0x08002350       0x3c ./Drivers/STM32F1xx_HAL_Driver/Src/stm32f1xx_hal_rcc.o
 .text.HAL_TIM_Base_Init
                0x0800238c       0x9e ./Drivers/STM32F1xx_HAL_Driver/Src/stm32f1xx_hal_tim.o
                0x0800238c                HAL_TIM_Base_Init
 *fill*         0x0800242a        0x2 
 .text.HAL_TIM_Base_Start_IT
                0x0800242c       0x98 ./Drivers/STM32F1xx_HAL_Driver/Src/stm32f1xx_hal_tim.o
                0x0800242c                HAL_TIM_Base_Start_IT
 .text.HAL_TIM_IRQHandler
                0x080024c4      0x1e0 ./Drivers/STM32F1xx_HAL_Driver/Src/stm32f1xx_hal_tim.o
                0x080024c4                HAL_TIM_IRQHandler
 .text.HAL_TIM_ConfigClockSource
                0x080026a4      0x18e ./Drivers/STM32F1xx_HAL_Driver/Src/stm32f1xx_hal_tim.o
                0x080026a4                HAL_TIM_ConfigClockSource
 .text.HAL_TIM_OC_DelayElapsedCallback
                0x08002832       0x12 ./Drivers/STM32F1xx_HAL_Driver/Src/stm32f1xx_hal_tim.o
                0x08002832                HAL_TIM_OC_DelayElapsedCallback
 .text.HAL_TIM_IC_CaptureCallback
                0x08002844       0x12 ./Drivers/STM32F1xx_HAL_Driver/Src/stm32f1xx_hal_tim.o
                0x08002844                HAL_TIM_IC_CaptureCallback
 .text.HAL_TIM_PWM_PulseFinishedCallback
                0x08002856       0x12 ./Drivers/STM32F1xx_HAL_Driver/Src/stm32f1xx_hal_tim.o
                0x08002856                HAL_TIM_PWM_PulseFinishedCallback
 .text.HAL_TIM_TriggerCallback
                0x08002868       0x12 ./Drivers/STM32F1xx_HAL_Driver/Src/stm32f1xx_hal_tim.o
                0x08002868                HAL_TIM_TriggerCallback
 *fill*         0x0800287a        0x2 
 .text.TIM_Base_SetConfig
                0x0800287c       0xc8 ./Drivers/STM32F1xx_HAL_Driver/Src/stm32f1xx_hal_tim.o
                0x0800287c                TIM_Base_SetConfig
 .text.TIM_TI1_ConfigInputStage
                0x08002944       0x5c ./Drivers/STM32F1xx_HAL_Driver/Src/stm32f1xx_hal_tim.o
 .text.TIM_TI2_ConfigInputStage
                0x080029a0       0x5e ./Drivers/STM32F1xx_HAL_Driver/Src/stm32f1xx_hal_tim.o
 .text.TIM_ITRx_SetConfig
                0x080029fe       0x34 ./Drivers/STM32F1xx_HAL_Driver/Src/stm32f1xx_hal_tim.o
 .text.TIM_ETR_SetConfig
                0x08002a32       0x3e ./Drivers/STM32F1xx_HAL_Driver/Src/stm32f1xx_hal_tim.o
                0x08002a32                TIM_ETR_SetConfig
 .text.HAL_TIMEx_MasterConfigSynchronization
                0x08002a70       0xb0 ./Drivers/STM32F1xx_HAL_Driver/Src/stm32f1xx_hal_tim_ex.o
                0x08002a70                HAL_TIMEx_MasterConfigSynchronization
 .text.HAL_TIMEx_CommutCallback
                0x08002b20       0x12 ./Drivers/STM32F1xx_HAL_Driver/Src/stm32f1xx_hal_tim_ex.o
                0x08002b20                HAL_TIMEx_CommutCallback
 .text.HAL_TIMEx_BreakCallback
                0x08002b32       0x12 ./Drivers/STM32F1xx_HAL_Driver/Src/stm32f1xx_hal_tim_ex.o
                0x08002b32                HAL_TIMEx_BreakCallback
 .text.memset   0x08002b44       0x10 C:/ST/STM32CubeIDE_1.16.1/STM32CubeIDE/plugins/com.st.stm32cube.ide.mcu.externaltools.gnu-tools-for-stm32.12.3.rel1.win32_1.0.200.202406191623/tools/bin/../lib/gcc/arm-none-eabi/12.3.1/../../../../arm-none-eabi/lib/thumb/v7-m/nofp\libc_nano.a(libc_a-memset.o)
                0x08002b44                memset
 .text.__libc_init_array
                0x08002b54       0x48 C:/ST/STM32CubeIDE_1.16.1/STM32CubeIDE/plugins/com.st.stm32cube.ide.mcu.externaltools.gnu-tools-for-stm32.12.3.rel1.win32_1.0.200.202406191623/tools/bin/../lib/gcc/arm-none-eabi/12.3.1/../../../../arm-none-eabi/lib/thumb/v7-m/nofp\libc_nano.a(libc_a-init.o)
                0x08002b54                __libc_init_array
 *(.glue_7)
 .glue_7        0x08002b9c        0x0 linker stubs
 *(.glue_7t)
 .glue_7t       0x08002b9c        0x0 linker stubs
 *(.eh_frame)
 .eh_frame      0x08002b9c        0x0 C:/ST/STM32CubeIDE_1.16.1/STM32CubeIDE/plugins/com.st.stm32cube.ide.mcu.externaltools.gnu-tools-for-stm32.12.3.rel1.win32_1.0.200.202406191623/tools/bin/../lib/gcc/arm-none-eabi/12.3.1/thumb/v7-m/nofp/crtbegin.o
 *(.init)
 .init          0x08002b9c        0x4 C:/ST/STM32CubeIDE_1.16.1/STM32CubeIDE/plugins/com.st.stm32cube.ide.mcu.externaltools.gnu-tools-for-stm32.12.3.rel1.win32_1.0.200.202406191623/tools/bin/../lib/gcc/arm-none-eabi/12.3.1/thumb/v7-m/nofp/crti.o
                0x08002b9c                _init
 .init          0x08002ba0        0x8 C:/ST/STM32CubeIDE_1.16.1/STM32CubeIDE/plugins/com.st.stm32cube.ide.mcu.externaltools.gnu-tools-for-stm32.12.3.rel1.win32_1.0.200.202406191623/tools/bin/../lib/gcc/arm-none-eabi/12.3.1/thumb/v7-m/nofp/crtn.o
 *(.fini)
 .fini          0x08002ba8        0x4 C:/ST/STM32CubeIDE_1.16.1/STM32CubeIDE/plugins/com.st.stm32cube.ide.mcu.externaltools.gnu-tools-for-stm32.12.3.rel1.win32_1.0.200.202406191623/tools/bin/../lib/gcc/arm-none-eabi/12.3.1/thumb/v7-m/nofp/crti.o
                0x08002ba8                _fini
 .fini          0x08002bac        0x8 C:/ST/STM32CubeIDE_1.16.1/STM32CubeIDE/plugins/com.st.stm32cube.ide.mcu.externaltools.gnu-tools-for-stm32.12.3.rel1.win32_1.0.200.202406191623/tools/bin/../lib/gcc/arm-none-eabi/12.3.1/thumb/v7-m/nofp/crtn.o
                0x08002bb4                        . = ALIGN (0x4)
                0x08002bb4                        _etext = .

.vfp11_veneer   0x08002bb4        0x0
 .vfp11_veneer  0x08002bb4        0x0 linker stubs

.v4_bx          0x08002bb4        0x0
 .v4_bx         0x08002bb4        0x0 linker stubs

.iplt           0x08002bb4        0x0
 .iplt          0x08002bb4        0x0 C:/ST/STM32CubeIDE_1.16.1/STM32CubeIDE/plugins/com.st.stm32cube.ide.mcu.externaltools.gnu-tools-for-stm32.12.3.rel1.win32_1.0.200.202406191623/tools/bin/../lib/gcc/arm-none-eabi/12.3.1/thumb/v7-m/nofp/crtbegin.o

.rodata         0x08002bb4       0x24
                0x08002bb4                        . = ALIGN (0x4)
 *(.rodata)
 *(.rodata*)
 .rodata.AHBPrescTable
                0x08002bb4       0x10 ./Core/Src/system_stm32f1xx.o
                0x08002bb4                AHBPrescTable
 .rodata.aPLLMULFactorTable.1
                0x08002bc4       0x10 ./Drivers/STM32F1xx_HAL_Driver/Src/stm32f1xx_hal_rcc.o
 .rodata.aPredivFactorTable.0
                0x08002bd4        0x2 ./Drivers/STM32F1xx_HAL_Driver/Src/stm32f1xx_hal_rcc.o
                0x08002bd8                        . = ALIGN (0x4)
 *fill*         0x08002bd6        0x2 

.ARM.extab      0x08002bd8        0x0
                0x08002bd8                        . = ALIGN (0x4)
 *(.ARM.extab* .gnu.linkonce.armextab.*)
                0x08002bd8                        . = ALIGN (0x4)

.ARM            0x08002bd8        0x0
                0x08002bd8                        . = ALIGN (0x4)
                0x08002bd8                        __exidx_start = .
 *(.ARM.exidx*)
                0x08002bd8                        __exidx_end = .
                0x08002bd8                        . = ALIGN (0x4)

.preinit_array  0x08002bd8        0x0
                0x08002bd8                        . = ALIGN (0x4)
                0x08002bd8                        PROVIDE (__preinit_array_start = .)
 *(.preinit_array*)
                0x08002bd8                        PROVIDE (__preinit_array_end = .)
                0x08002bd8                        . = ALIGN (0x4)

.init_array     0x08002bd8        0x4
                0x08002bd8                        . = ALIGN (0x4)
                0x08002bd8                        PROVIDE (__init_array_start = .)
 *(SORT_BY_NAME(.init_array.*))
 *(.init_array*)
 .init_array    0x08002bd8        0x4 C:/ST/STM32CubeIDE_1.16.1/STM32CubeIDE/plugins/com.st.stm32cube.ide.mcu.externaltools.gnu-tools-for-stm32.12.3.rel1.win32_1.0.200.202406191623/tools/bin/../lib/gcc/arm-none-eabi/12.3.1/thumb/v7-m/nofp/crtbegin.o
                0x08002bdc                        PROVIDE (__init_array_end = .)
                0x08002bdc                        . = ALIGN (0x4)

.fini_array     0x08002bdc        0x4
                0x08002bdc                        . = ALIGN (0x4)
                [!provide]                        PROVIDE (__fini_array_start = .)
 *(SORT_BY_NAME(.fini_array.*))
 *(.fini_array*)
 .fini_array    0x08002bdc        0x4 C:/ST/STM32CubeIDE_1.16.1/STM32CubeIDE/plugins/com.st.stm32cube.ide.mcu.externaltools.gnu-tools-for-stm32.12.3.rel1.win32_1.0.200.202406191623/tools/bin/../lib/gcc/arm-none-eabi/12.3.1/thumb/v7-m/nofp/crtbegin.o
                [!provide]                        PROVIDE (__fini_array_end = .)
                0x08002be0                        . = ALIGN (0x4)
                0x08002be0                        _sidata = LOADADDR (.data)

.rel.dyn        0x08002be0        0x0
 .rel.iplt      0x08002be0        0x0 C:/ST/STM32CubeIDE_1.16.1/STM32CubeIDE/plugins/com.st.stm32cube.ide.mcu.externaltools.gnu-tools-for-stm32.12.3.rel1.win32_1.0.200.202406191623/tools/bin/../lib/gcc/arm-none-eabi/12.3.1/thumb/v7-m/nofp/crtbegin.o

.data           0x20000000       0xbc load address 0x08002be0
                0x20000000                        . = ALIGN (0x4)
                0x20000000                        _sdata = .
 *(.data)
 *(.data*)
 .data.timeout  0x20000000        0xc ./Core/Src/button.o
                0x20000000                timeout
 .data.KeyReg0  0x2000000c        0xc ./Core/Src/button.o
                0x2000000c                KeyReg0
 .data.KeyReg1  0x20000018        0xc ./Core/Src/button.o
                0x20000018                KeyReg1
 .data.KeyReg2  0x20000024        0xc ./Core/Src/button.o
                0x20000024                KeyReg2
 .data.KeyReg3  0x20000030        0xc ./Core/Src/button.o
                0x20000030                KeyReg3
 .data.autoState_H
                0x2000003c        0x4 ./Core/Src/fsm.o
                0x2000003c                autoState_H
 .data.autoState_V
                0x20000040        0x4 ./Core/Src/fsm.o
                0x20000040                autoState_V
 .data.manState
                0x20000044        0x4 ./Core/Src/fsm.o
                0x20000044                manState
 .data.redDur   0x20000048        0x4 ./Core/Src/fsm.o
                0x20000048                redDur
 .data.yelDur   0x2000004c        0x4 ./Core/Src/fsm.o
                0x2000004c                yelDur
 .data.grnDur   0x20000050        0x4 ./Core/Src/fsm.o
                0x20000050                grnDur
 .data.tempRed  0x20000054        0x4 ./Core/Src/fsm.o
                0x20000054                tempRed
 .data.tempYel  0x20000058        0x4 ./Core/Src/fsm.o
                0x20000058                tempYel
 .data.tempGrn  0x2000005c        0x4 ./Core/Src/fsm.o
                0x2000005c                tempGrn
 .data.pinArr   0x20000060       0x4d ./Core/Src/segment.o
                0x20000060                pinArr
 *fill*         0x200000ad        0x3 
 .data.SystemCoreClock
                0x200000b0        0x4 ./Core/Src/system_stm32f1xx.o
                0x200000b0                SystemCoreClock
 .data.uwTickPrio
                0x200000b4        0x4 ./Drivers/STM32F1xx_HAL_Driver/Src/stm32f1xx_hal.o
                0x200000b4                uwTickPrio
 .data.uwTickFreq
                0x200000b8        0x1 ./Drivers/STM32F1xx_HAL_Driver/Src/stm32f1xx_hal.o
                0x200000b8                uwTickFreq
 *(.RamFunc)
 *(.RamFunc*)
                0x200000bc                        . = ALIGN (0x4)
 *fill*         0x200000b9        0x3 
                0x200000bc                        _edata = .

.igot.plt       0x200000bc        0x0 load address 0x08002c9c
 .igot.plt      0x200000bc        0x0 C:/ST/STM32CubeIDE_1.16.1/STM32CubeIDE/plugins/com.st.stm32cube.ide.mcu.externaltools.gnu-tools-for-stm32.12.3.rel1.win32_1.0.200.202406191623/tools/bin/../lib/gcc/arm-none-eabi/12.3.1/thumb/v7-m/nofp/crtbegin.o
                0x200000bc                        . = ALIGN (0x4)

.bss            0x200000bc       0xc0 load address 0x08002c9c
                0x200000bc                        _sbss = .
                0x200000bc                        __bss_start__ = _sbss
 *(.bss)
 .bss           0x200000bc       0x1c C:/ST/STM32CubeIDE_1.16.1/STM32CubeIDE/plugins/com.st.stm32cube.ide.mcu.externaltools.gnu-tools-for-stm32.12.3.rel1.win32_1.0.200.202406191623/tools/bin/../lib/gcc/arm-none-eabi/12.3.1/thumb/v7-m/nofp/crtbegin.o
 *(.bss*)
 .bss.buttonFlag
                0x200000d8        0xc ./Core/Src/button.o
                0x200000d8                buttonFlag
 .bss.horCount  0x200000e4        0x4 ./Core/Src/fsm.o
                0x200000e4                horCount
 .bss.verCount  0x200000e8        0x4 ./Core/Src/fsm.o
                0x200000e8                verCount
 .bss.scan      0x200000ec        0x4 ./Core/Src/fsm.o
                0x200000ec                scan
 .bss.horState  0x200000f0        0x4 ./Core/Src/led.o
                0x200000f0                horState
 .bss.verState  0x200000f4        0x4 ./Core/Src/led.o
                0x200000f4                verState
 .bss.htim2     0x200000f8       0x48 ./Core/Src/main.o
                0x200000f8                htim2
 .bss.segment_buffer
                0x20000140       0x10 ./Core/Src/segment.o
                0x20000140                segment_buffer
 .bss.timer1    0x20000150        0x4 ./Core/Src/timer.o
                0x20000150                timer1
 .bss.timer2    0x20000154        0x4 ./Core/Src/timer.o
                0x20000154                timer2
 .bss.timer3    0x20000158        0x4 ./Core/Src/timer.o
                0x20000158                timer3
 .bss.timer4    0x2000015c        0x4 ./Core/Src/timer.o
                0x2000015c                timer4
 .bss.timer5    0x20000160        0x4 ./Core/Src/timer.o
                0x20000160                timer5
 .bss.flag1     0x20000164        0x4 ./Core/Src/timer.o
                0x20000164                flag1
 .bss.flag2     0x20000168        0x4 ./Core/Src/timer.o
                0x20000168                flag2
 .bss.flag3     0x2000016c        0x4 ./Core/Src/timer.o
                0x2000016c                flag3
 .bss.flag4     0x20000170        0x4 ./Core/Src/timer.o
                0x20000170                flag4
 .bss.flag5     0x20000174        0x4 ./Core/Src/timer.o
                0x20000174                flag5
 .bss.uwTick    0x20000178        0x4 ./Drivers/STM32F1xx_HAL_Driver/Src/stm32f1xx_hal.o
                0x20000178                uwTick
 *(COMMON)
                0x2000017c                        . = ALIGN (0x4)
                0x2000017c                        _ebss = .
                0x2000017c                        __bss_end__ = _ebss

._user_heap_stack
                0x2000017c      0x604 load address 0x08002c9c
                0x20000180                        . = ALIGN (0x8)
 *fill*         0x2000017c        0x4 
                [!provide]                        PROVIDE (end = .)
                0x20000180                        PROVIDE (_end = .)
                0x20000380                        . = (. + _Min_Heap_Size)
 *fill*         0x20000180      0x200 
                0x20000780                        . = (. + _Min_Stack_Size)
 *fill*         0x20000380      0x400 
                0x20000780                        . = ALIGN (0x8)

/DISCARD/
 libc.a(*)
 libm.a(*)
 libgcc.a(*)

.ARM.attributes
                0x00000000       0x29
 *(.ARM.attributes)
 .ARM.attributes
                0x00000000       0x1d C:/ST/STM32CubeIDE_1.16.1/STM32CubeIDE/plugins/com.st.stm32cube.ide.mcu.externaltools.gnu-tools-for-stm32.12.3.rel1.win32_1.0.200.202406191623/tools/bin/../lib/gcc/arm-none-eabi/12.3.1/thumb/v7-m/nofp/crti.o
 .ARM.attributes
                0x0000001d       0x2d C:/ST/STM32CubeIDE_1.16.1/STM32CubeIDE/plugins/com.st.stm32cube.ide.mcu.externaltools.gnu-tools-for-stm32.12.3.rel1.win32_1.0.200.202406191623/tools/bin/../lib/gcc/arm-none-eabi/12.3.1/thumb/v7-m/nofp/crtbegin.o
 .ARM.attributes
                0x0000004a       0x2d ./Core/Src/button.o
 .ARM.attributes
                0x00000077       0x2d ./Core/Src/fsm.o
 .ARM.attributes
                0x000000a4       0x2d ./Core/Src/led.o
 .ARM.attributes
                0x000000d1       0x2d ./Core/Src/main.o
 .ARM.attributes
                0x000000fe       0x2d ./Core/Src/segment.o
 .ARM.attributes
                0x0000012b       0x2d ./Core/Src/stm32f1xx_hal_msp.o
 .ARM.attributes
                0x00000158       0x2d ./Core/Src/stm32f1xx_it.o
 .ARM.attributes
                0x00000185       0x2d ./Core/Src/system_stm32f1xx.o
 .ARM.attributes
                0x000001b2       0x2d ./Core/Src/timer.o
 .ARM.attributes
                0x000001df       0x21 ./Core/Startup/startup_stm32f103c6tx.o
 .ARM.attributes
                0x00000200       0x2d ./Drivers/STM32F1xx_HAL_Driver/Src/stm32f1xx_hal.o
 .ARM.attributes
                0x0000022d       0x2d ./Drivers/STM32F1xx_HAL_Driver/Src/stm32f1xx_hal_cortex.o
 .ARM.attributes
                0x0000025a       0x2d ./Drivers/STM32F1xx_HAL_Driver/Src/stm32f1xx_hal_gpio.o
 .ARM.attributes
                0x00000287       0x2d ./Drivers/STM32F1xx_HAL_Driver/Src/stm32f1xx_hal_rcc.o
 .ARM.attributes
                0x000002b4       0x2d ./Drivers/STM32F1xx_HAL_Driver/Src/stm32f1xx_hal_tim.o
 .ARM.attributes
                0x000002e1       0x2d ./Drivers/STM32F1xx_HAL_Driver/Src/stm32f1xx_hal_tim_ex.o
 .ARM.attributes
                0x0000030e       0x2d C:/ST/STM32CubeIDE_1.16.1/STM32CubeIDE/plugins/com.st.stm32cube.ide.mcu.externaltools.gnu-tools-for-stm32.12.3.rel1.win32_1.0.200.202406191623/tools/bin/../lib/gcc/arm-none-eabi/12.3.1/../../../../arm-none-eabi/lib/thumb/v7-m/nofp\libc_nano.a(libc_a-memset.o)
 .ARM.attributes
                0x0000033b       0x2d C:/ST/STM32CubeIDE_1.16.1/STM32CubeIDE/plugins/com.st.stm32cube.ide.mcu.externaltools.gnu-tools-for-stm32.12.3.rel1.win32_1.0.200.202406191623/tools/bin/../lib/gcc/arm-none-eabi/12.3.1/../../../../arm-none-eabi/lib/thumb/v7-m/nofp\libc_nano.a(libc_a-init.o)
 .ARM.attributes
                0x00000368       0x1d C:/ST/STM32CubeIDE_1.16.1/STM32CubeIDE/plugins/com.st.stm32cube.ide.mcu.externaltools.gnu-tools-for-stm32.12.3.rel1.win32_1.0.200.202406191623/tools/bin/../lib/gcc/arm-none-eabi/12.3.1/thumb/v7-m/nofp/crtn.o
OUTPUT(TrafficLight.elf elf32-littlearm)
LOAD linker stubs
LOAD C:/ST/STM32CubeIDE_1.16.1/STM32CubeIDE/plugins/com.st.stm32cube.ide.mcu.externaltools.gnu-tools-for-stm32.12.3.rel1.win32_1.0.200.202406191623/tools/bin/../lib/gcc/arm-none-eabi/12.3.1/../../../../arm-none-eabi/lib/thumb/v7-m/nofp\libc.a
LOAD C:/ST/STM32CubeIDE_1.16.1/STM32CubeIDE/plugins/com.st.stm32cube.ide.mcu.externaltools.gnu-tools-for-stm32.12.3.rel1.win32_1.0.200.202406191623/tools/bin/../lib/gcc/arm-none-eabi/12.3.1/../../../../arm-none-eabi/lib/thumb/v7-m/nofp\libm.a
LOAD C:/ST/STM32CubeIDE_1.16.1/STM32CubeIDE/plugins/com.st.stm32cube.ide.mcu.externaltools.gnu-tools-for-stm32.12.3.rel1.win32_1.0.200.202406191623/tools/bin/../lib/gcc/arm-none-eabi/12.3.1/thumb/v7-m/nofp\libgcc.a

.debug_info     0x00000000     0x875c
 .debug_info    0x00000000      0x224 ./Core/Src/button.o
 .debug_info    0x00000224      0x407 ./Core/Src/fsm.o
 .debug_info    0x0000062b      0x1d2 ./Core/Src/led.o
 .debug_info    0x000007fd      0xb79 ./Core/Src/main.o
 .debug_info    0x00001376      0x2f9 ./Core/Src/segment.o
 .debug_info    0x0000166f      0x91a ./Core/Src/stm32f1xx_hal_msp.o
 .debug_info    0x00001f89      0x6a1 ./Core/Src/stm32f1xx_it.o
 .debug_info    0x0000262a      0x222 ./Core/Src/system_stm32f1xx.o
 .debug_info    0x0000284c      0x21d ./Core/Src/timer.o
 .debug_info    0x00002a69       0x30 ./Core/Startup/startup_stm32f103c6tx.o
 .debug_info    0x00002a99      0x6e6 ./Drivers/STM32F1xx_HAL_Driver/Src/stm32f1xx_hal.o
 .debug_info    0x0000317f      0xa69 ./Drivers/STM32F1xx_HAL_Driver/Src/stm32f1xx_hal_cortex.o
 .debug_info    0x00003be8      0x5ab ./Drivers/STM32F1xx_HAL_Driver/Src/stm32f1xx_hal_gpio.o
 .debug_info    0x00004193      0x7d5 ./Drivers/STM32F1xx_HAL_Driver/Src/stm32f1xx_hal_rcc.o
 .debug_info    0x00004968     0x2959 ./Drivers/STM32F1xx_HAL_Driver/Src/stm32f1xx_hal_tim.o
 .debug_info    0x000072c1     0x149b ./Drivers/STM32F1xx_HAL_Driver/Src/stm32f1xx_hal_tim_ex.o

.debug_abbrev   0x00000000     0x1bf1
 .debug_abbrev  0x00000000      0x14f ./Core/Src/button.o
 .debug_abbrev  0x0000014f      0x169 ./Core/Src/fsm.o
 .debug_abbrev  0x000002b8      0x134 ./Core/Src/led.o
 .debug_abbrev  0x000003ec      0x285 ./Core/Src/main.o
 .debug_abbrev  0x00000671      0x1ab ./Core/Src/segment.o
 .debug_abbrev  0x0000081c      0x1ad ./Core/Src/stm32f1xx_hal_msp.o
 .debug_abbrev  0x000009c9      0x191 ./Core/Src/stm32f1xx_it.o
 .debug_abbrev  0x00000b5a      0x13f ./Core/Src/system_stm32f1xx.o
 .debug_abbrev  0x00000c99       0xc5 ./Core/Src/timer.o
 .debug_abbrev  0x00000d5e       0x24 ./Core/Startup/startup_stm32f103c6tx.o
 .debug_abbrev  0x00000d82      0x201 ./Drivers/STM32F1xx_HAL_Driver/Src/stm32f1xx_hal.o
 .debug_abbrev  0x00000f83      0x2f8 ./Drivers/STM32F1xx_HAL_Driver/Src/stm32f1xx_hal_cortex.o
 .debug_abbrev  0x0000127b      0x1ca ./Drivers/STM32F1xx_HAL_Driver/Src/stm32f1xx_hal_gpio.o
 .debug_abbrev  0x00001445      0x2b3 ./Drivers/STM32F1xx_HAL_Driver/Src/stm32f1xx_hal_rcc.o
 .debug_abbrev  0x000016f8      0x277 ./Drivers/STM32F1xx_HAL_Driver/Src/stm32f1xx_hal_tim.o
 .debug_abbrev  0x0000196f      0x282 ./Drivers/STM32F1xx_HAL_Driver/Src/stm32f1xx_hal_tim_ex.o

.debug_aranges  0x00000000      0xa58
 .debug_aranges
                0x00000000       0x28 ./Core/Src/button.o
 .debug_aranges
                0x00000028       0x48 ./Core/Src/fsm.o
 .debug_aranges
                0x00000070       0x28 ./Core/Src/led.o
 .debug_aranges
                0x00000098       0x48 ./Core/Src/main.o
 .debug_aranges
                0x000000e0       0x40 ./Core/Src/segment.o
 .debug_aranges
                0x00000120       0x30 ./Core/Src/stm32f1xx_hal_msp.o
 .debug_aranges
                0x00000150       0x68 ./Core/Src/stm32f1xx_it.o
 .debug_aranges
                0x000001b8       0x28 ./Core/Src/system_stm32f1xx.o
 .debug_aranges
                0x000001e0       0x50 ./Core/Src/timer.o
 .debug_aranges
                0x00000230       0x28 ./Core/Startup/startup_stm32f103c6tx.o
 .debug_aranges
                0x00000258       0xe0 ./Drivers/STM32F1xx_HAL_Driver/Src/stm32f1xx_hal.o
 .debug_aranges
                0x00000338      0x100 ./Drivers/STM32F1xx_HAL_Driver/Src/stm32f1xx_hal_cortex.o
 .debug_aranges
                0x00000438       0x58 ./Drivers/STM32F1xx_HAL_Driver/Src/stm32f1xx_hal_gpio.o
 .debug_aranges
                0x00000490       0x90 ./Drivers/STM32F1xx_HAL_Driver/Src/stm32f1xx_hal_rcc.o
 .debug_aranges
                0x00000520      0x3d0 ./Drivers/STM32F1xx_HAL_Driver/Src/stm32f1xx_hal_tim.o
 .debug_aranges
                0x000008f0      0x168 ./Drivers/STM32F1xx_HAL_Driver/Src/stm32f1xx_hal_tim_ex.o

.debug_rnglists
                0x00000000      0x7e7
 .debug_rnglists
                0x00000000       0x1a ./Core/Src/button.o
 .debug_rnglists
                0x0000001a       0x35 ./Core/Src/fsm.o
 .debug_rnglists
                0x0000004f       0x1b ./Core/Src/led.o
 .debug_rnglists
                0x0000006a       0x33 ./Core/Src/main.o
 .debug_rnglists
                0x0000009d       0x2e ./Core/Src/segment.o
 .debug_rnglists
                0x000000cb       0x1f ./Core/Src/stm32f1xx_hal_msp.o
 .debug_rnglists
                0x000000ea       0x49 ./Core/Src/stm32f1xx_it.o
 .debug_rnglists
                0x00000133       0x1a ./Core/Src/system_stm32f1xx.o
 .debug_rnglists
                0x0000014d       0x39 ./Core/Src/timer.o
 .debug_rnglists
                0x00000186       0x19 ./Core/Startup/startup_stm32f103c6tx.o
 .debug_rnglists
                0x0000019f       0xa3 ./Drivers/STM32F1xx_HAL_Driver/Src/stm32f1xx_hal.o
 .debug_rnglists
                0x00000242       0xbb ./Drivers/STM32F1xx_HAL_Driver/Src/stm32f1xx_hal_cortex.o
 .debug_rnglists
                0x000002fd       0x3f ./Drivers/STM32F1xx_HAL_Driver/Src/stm32f1xx_hal_gpio.o
 .debug_rnglists
                0x0000033c       0x6c ./Drivers/STM32F1xx_HAL_Driver/Src/stm32f1xx_hal_rcc.o
 .debug_rnglists
                0x000003a8      0x31a ./Drivers/STM32F1xx_HAL_Driver/Src/stm32f1xx_hal_tim.o
 .debug_rnglists
                0x000006c2      0x125 ./Drivers/STM32F1xx_HAL_Driver/Src/stm32f1xx_hal_tim_ex.o

.debug_macro    0x00000000    0x16dcb
 .debug_macro   0x00000000      0x1ef ./Core/Src/button.o
 .debug_macro   0x000001ef      0xaa8 ./Core/Src/button.o
 .debug_macro   0x00000c97      0x215 ./Core/Src/button.o
 .debug_macro   0x00000eac       0x2e ./Core/Src/button.o
 .debug_macro   0x00000eda       0x22 ./Core/Src/button.o
 .debug_macro   0x00000efc       0x22 ./Core/Src/button.o
 .debug_macro   0x00000f1e       0x8e ./Core/Src/button.o
 .debug_macro   0x00000fac       0x51 ./Core/Src/button.o
 .debug_macro   0x00000ffd      0x103 ./Core/Src/button.o
 .debug_macro   0x00001100       0x6a ./Core/Src/button.o
 .debug_macro   0x0000116a      0x1df ./Core/Src/button.o
 .debug_macro   0x00001349       0x1c ./Core/Src/button.o
 .debug_macro   0x00001365       0x22 ./Core/Src/button.o
 .debug_macro   0x00001387       0xbd ./Core/Src/button.o
 .debug_macro   0x00001444      0xd23 ./Core/Src/button.o
 .debug_macro   0x00002167     0xde75 ./Core/Src/button.o
 .debug_macro   0x0000ffdc       0x6d ./Core/Src/button.o
 .debug_macro   0x00010049     0x34a2 ./Core/Src/button.o
 .debug_macro   0x000134eb      0x189 ./Core/Src/button.o
 .debug_macro   0x00013674       0x5c ./Core/Src/button.o
 .debug_macro   0x000136d0      0x5bc ./Core/Src/button.o
 .debug_macro   0x00013c8c      0x1b7 ./Core/Src/button.o
 .debug_macro   0x00013e43      0x1cb ./Core/Src/button.o
 .debug_macro   0x0001400e      0x114 ./Core/Src/button.o
 .debug_macro   0x00014122      0x1b2 ./Core/Src/button.o
 .debug_macro   0x000142d4       0x27 ./Core/Src/button.o
 .debug_macro   0x000142fb      0x12f ./Core/Src/button.o
 .debug_macro   0x0001442a      0x1bc ./Core/Src/button.o
 .debug_macro   0x000145e6       0x34 ./Core/Src/button.o
 .debug_macro   0x0001461a       0x3c ./Core/Src/button.o
 .debug_macro   0x00014656       0x57 ./Core/Src/button.o
 .debug_macro   0x000146ad       0x87 ./Core/Src/button.o
 .debug_macro   0x00014734      0x183 ./Core/Src/button.o
 .debug_macro   0x000148b7      0x140 ./Core/Src/button.o
 .debug_macro   0x000149f7      0x8ed ./Core/Src/button.o
 .debug_macro   0x000152e4       0x69 ./Core/Src/button.o
 .debug_macro   0x0001534d      0x148 ./Core/Src/button.o
 .debug_macro   0x00015495       0x16 ./Core/Src/button.o
 .debug_macro   0x000154ab       0x40 ./Core/Src/button.o
 .debug_macro   0x000154eb       0x16 ./Core/Src/button.o
 .debug_macro   0x00015501      0x1e4 ./Core/Src/fsm.o
 .debug_macro   0x000156e5       0x10 ./Core/Src/fsm.o
 .debug_macro   0x000156f5      0x1ee ./Core/Src/led.o
 .debug_macro   0x000158e3       0x10 ./Core/Src/led.o
 .debug_macro   0x000158f3      0x1e8 ./Core/Src/main.o
 .debug_macro   0x00015adb      0x1e8 ./Core/Src/segment.o
 .debug_macro   0x00015cc3      0x1a6 ./Core/Src/stm32f1xx_hal_msp.o
 .debug_macro   0x00015e69      0x1b0 ./Core/Src/stm32f1xx_it.o
 .debug_macro   0x00016019      0x197 ./Core/Src/system_stm32f1xx.o
 .debug_macro   0x000161b0      0x1ef ./Core/Src/timer.o
 .debug_macro   0x0001639f      0x1bb ./Drivers/STM32F1xx_HAL_Driver/Src/stm32f1xx_hal.o
 .debug_macro   0x0001655a      0x197 ./Drivers/STM32F1xx_HAL_Driver/Src/stm32f1xx_hal_cortex.o
 .debug_macro   0x000166f1      0x202 ./Drivers/STM32F1xx_HAL_Driver/Src/stm32f1xx_hal_gpio.o
 .debug_macro   0x000168f3      0x1a9 ./Drivers/STM32F1xx_HAL_Driver/Src/stm32f1xx_hal_rcc.o
 .debug_macro   0x00016a9c      0x198 ./Drivers/STM32F1xx_HAL_Driver/Src/stm32f1xx_hal_tim.o
 .debug_macro   0x00016c34      0x197 ./Drivers/STM32F1xx_HAL_Driver/Src/stm32f1xx_hal_tim_ex.o

.debug_line     0x00000000     0xc37a
 .debug_line    0x00000000      0x7b3 ./Core/Src/button.o
 .debug_line    0x000007b3      0xaaf ./Core/Src/fsm.o
 .debug_line    0x00001262      0x78d ./Core/Src/led.o
 .debug_line    0x000019ef      0x83d ./Core/Src/main.o
 .debug_line    0x0000222c      0x844 ./Core/Src/segment.o
 .debug_line    0x00002a70      0x729 ./Core/Src/stm32f1xx_hal_msp.o
 .debug_line    0x00003199      0x7c7 ./Core/Src/stm32f1xx_it.o
 .debug_line    0x00003960      0x76b ./Core/Src/system_stm32f1xx.o
 .debug_line    0x000040cb      0x833 ./Core/Src/timer.o
 .debug_line    0x000048fe       0x78 ./Core/Startup/startup_stm32f103c6tx.o
 .debug_line    0x00004976      0x998 ./Drivers/STM32F1xx_HAL_Driver/Src/stm32f1xx_hal.o
 .debug_line    0x0000530e      0xb84 ./Drivers/STM32F1xx_HAL_Driver/Src/stm32f1xx_hal_cortex.o
 .debug_line    0x00005e92      0xa1c ./Drivers/STM32F1xx_HAL_Driver/Src/stm32f1xx_hal_gpio.o
 .debug_line    0x000068ae      0xda1 ./Drivers/STM32F1xx_HAL_Driver/Src/stm32f1xx_hal_rcc.o
 .debug_line    0x0000764f     0x3474 ./Drivers/STM32F1xx_HAL_Driver/Src/stm32f1xx_hal_tim.o
 .debug_line    0x0000aac3     0x18b7 ./Drivers/STM32F1xx_HAL_Driver/Src/stm32f1xx_hal_tim_ex.o

.debug_str      0x00000000    0x82533
 .debug_str     0x00000000    0x7f933 ./Core/Src/button.o
                              0x7fc5a (size before relaxing)
 .debug_str     0x0007f933      0x180 ./Core/Src/fsm.o
                              0x7fd76 (size before relaxing)
 .debug_str     0x0007fab3       0x2a ./Core/Src/led.o
                              0x7fc30 (size before relaxing)
 .debug_str     0x0007fadd      0x79f ./Core/Src/main.o
                              0x80458 (size before relaxing)
 .debug_str     0x0008027c       0x3c ./Core/Src/segment.o
                              0x7fc76 (size before relaxing)
 .debug_str     0x000802b8      0x300 ./Core/Src/stm32f1xx_hal_msp.o
                              0x80322 (size before relaxing)
 .debug_str     0x000805b8       0xec ./Core/Src/stm32f1xx_it.o
                              0x8005d (size before relaxing)
 .debug_str     0x000806a4       0x88 ./Core/Src/system_stm32f1xx.o
                              0x7f745 (size before relaxing)
 .debug_str     0x0008072c       0x3d ./Core/Src/timer.o
                              0x7fc03 (size before relaxing)
 .debug_str     0x00080769       0x44 ./Core/Startup/startup_stm32f103c6tx.o
                                 0x81 (size before relaxing)
 .debug_str     0x000807ad      0x384 ./Drivers/STM32F1xx_HAL_Driver/Src/stm32f1xx_hal.o
                              0x7fe3e (size before relaxing)
 .debug_str     0x00080b31      0x294 ./Drivers/STM32F1xx_HAL_Driver/Src/stm32f1xx_hal_cortex.o
                              0x7fd8a (size before relaxing)
 .debug_str     0x00080dc5      0x2d2 ./Drivers/STM32F1xx_HAL_Driver/Src/stm32f1xx_hal_gpio.o
                              0x7facb (size before relaxing)
 .debug_str     0x00081097      0x229 ./Drivers/STM32F1xx_HAL_Driver/Src/stm32f1xx_hal_rcc.o
                              0x7fb74 (size before relaxing)
 .debug_str     0x000812c0      0xde0 ./Drivers/STM32F1xx_HAL_Driver/Src/stm32f1xx_hal_tim.o
                              0x80b76 (size before relaxing)
 .debug_str     0x000820a0      0x493 ./Drivers/STM32F1xx_HAL_Driver/Src/stm32f1xx_hal_tim_ex.o
                              0x80382 (size before relaxing)

.comment        0x00000000       0x43
 .comment       0x00000000       0x43 ./Core/Src/button.o
                                 0x44 (size before relaxing)
 .comment       0x00000043       0x44 ./Core/Src/fsm.o
 .comment       0x00000043       0x44 ./Core/Src/led.o
 .comment       0x00000043       0x44 ./Core/Src/main.o
 .comment       0x00000043       0x44 ./Core/Src/segment.o
 .comment       0x00000043       0x44 ./Core/Src/stm32f1xx_hal_msp.o
 .comment       0x00000043       0x44 ./Core/Src/stm32f1xx_it.o
 .comment       0x00000043       0x44 ./Core/Src/system_stm32f1xx.o
 .comment       0x00000043       0x44 ./Core/Src/timer.o
 .comment       0x00000043       0x44 ./Drivers/STM32F1xx_HAL_Driver/Src/stm32f1xx_hal.o
 .comment       0x00000043       0x44 ./Drivers/STM32F1xx_HAL_Driver/Src/stm32f1xx_hal_cortex.o
 .comment       0x00000043       0x44 ./Drivers/STM32F1xx_HAL_Driver/Src/stm32f1xx_hal_gpio.o
 .comment       0x00000043       0x44 ./Drivers/STM32F1xx_HAL_Driver/Src/stm32f1xx_hal_rcc.o
 .comment       0x00000043       0x44 ./Drivers/STM32F1xx_HAL_Driver/Src/stm32f1xx_hal_tim.o
 .comment       0x00000043       0x44 ./Drivers/STM32F1xx_HAL_Driver/Src/stm32f1xx_hal_tim_ex.o

.debug_frame    0x00000000     0x2928
 .debug_frame   0x00000000       0x5c ./Core/Src/button.o
 .debug_frame   0x0000005c       0xc4 ./Core/Src/fsm.o
 .debug_frame   0x00000120       0x58 ./Core/Src/led.o
 .debug_frame   0x00000178       0xd4 ./Core/Src/main.o
 .debug_frame   0x0000024c       0xcc ./Core/Src/segment.o
 .debug_frame   0x00000318       0x80 ./Core/Src/stm32f1xx_hal_msp.o
 .debug_frame   0x00000398      0x120 ./Core/Src/stm32f1xx_it.o
 .debug_frame   0x000004b8       0x58 ./Core/Src/system_stm32f1xx.o
 .debug_frame   0x00000510      0x120 ./Core/Src/timer.o
 .debug_frame   0x00000630      0x334 ./Drivers/STM32F1xx_HAL_Driver/Src/stm32f1xx_hal.o
 .debug_frame   0x00000964      0x428 ./Drivers/STM32F1xx_HAL_Driver/Src/stm32f1xx_hal_cortex.o
 .debug_frame   0x00000d8c      0x14c ./Drivers/STM32F1xx_HAL_Driver/Src/stm32f1xx_hal_gpio.o
 .debug_frame   0x00000ed8      0x218 ./Drivers/STM32F1xx_HAL_Driver/Src/stm32f1xx_hal_rcc.o
 .debug_frame   0x000010f0     0x11b4 ./Drivers/STM32F1xx_HAL_Driver/Src/stm32f1xx_hal_tim.o
 .debug_frame   0x000022a4      0x638 ./Drivers/STM32F1xx_HAL_Driver/Src/stm32f1xx_hal_tim_ex.o
 .debug_frame   0x000028dc       0x20 C:/ST/STM32CubeIDE_1.16.1/STM32CubeIDE/plugins/com.st.stm32cube.ide.mcu.externaltools.gnu-tools-for-stm32.12.3.rel1.win32_1.0.200.202406191623/tools/bin/../lib/gcc/arm-none-eabi/12.3.1/../../../../arm-none-eabi/lib/thumb/v7-m/nofp\libc_nano.a(libc_a-memset.o)
 .debug_frame   0x000028fc       0x2c C:/ST/STM32CubeIDE_1.16.1/STM32CubeIDE/plugins/com.st.stm32cube.ide.mcu.externaltools.gnu-tools-for-stm32.12.3.rel1.win32_1.0.200.202406191623/tools/bin/../lib/gcc/arm-none-eabi/12.3.1/../../../../arm-none-eabi/lib/thumb/v7-m/nofp\libc_nano.a(libc_a-init.o)

.debug_line_str
                0x00000000       0x65
 .debug_line_str
                0x00000000       0x65 ./Core/Startup/startup_stm32f103c6tx.o
