../Core/Src/header.h:72:6:set	16	static
../Core/Src/header.h:77:6:run	4	static
../Core/Src/header.h:87:6:convertToBinary	24	static
../Core/Src/header.h:93:6:convertShift	32	static
../Core/Src/header.h:111:6:updateLEDMatrix	24	static
../Core/Src/header.h:124:6:resetState	16	static
../Core/Src/header.h:129:6:displayLEDMatrix	8	static
../Core/Src/main.c:66:5:main	8	static
../Core/Src/main.c:119:6:SystemClock_Config	72	static
../Core/Src/main.c:156:13:MX_TIM2_Init	32	static
../Core/Src/main.c:201:13:MX_GPIO_Init	32	static
../Core/Src/main.c:246:6:HAL_TIM_PeriodElapsedCallback	16	static
../Core/Src/main.c:255:6:Error_Handler	4	static,ignoring_inline_asm
